// Jest Snapshot v1, https://goo.gl/fbAQLP

exports[`CallToAction renders properly 1`] = `
"<div><img async=\\"async\\" src=\\"~/assets/img/wave-top.svg?inline\\" alt=\\"diverpark castillos hinchables palma de mallorca baleares\\" class=\\"w-auto\\">
  <section class=\\"container mx-auto text-center py-6 mb-12\\">
    <p class=\\"w-full my-2 text-5xl font-bold leading-tight text-center text-white\\">
      callToAction.title
      <br>
      DIVERPARK
    </p>
    <div class=\\"w-full mb-4\\">
      <div class=\\"h-1 mx-auto bg-white w-1/6 opacity-25 my-0 py-0 rounded-t\\"></div>
    </div>
    <h3 class=\\"my-4 text-3xl leading-tight\\">
      callToAction.subtitle
    </h3> <br>
    <nuxtlink to=\\"contact\\" class=\\"mx-auto lg:mx-0 hover:underline bg-white text-gray-800 font-bold rounded-full my-6 py-4 px-8 shadow-lg\\"><button>common.contact !</button></nuxtlink>
  </section>
</div>"
`;
